Component: ARM Compiler 5.06 update 6 (build 750) Tool: armlink [4d35ed]

==============================================================================

Section Cross References

    startup_nuc131.o(STACK) refers (Special) to heapauxi.o(.text) for __use_two_region_memory
    startup_nuc131.o(HEAP) refers (Special) to heapauxi.o(.text) for __use_two_region_memory
    startup_nuc131.o(RESET) refers (Special) to heapauxi.o(.text) for __use_two_region_memory
    startup_nuc131.o(RESET) refers to startup_nuc131.o(STACK) for __initial_sp
    startup_nuc131.o(RESET) refers to startup_nuc131.o(.text) for Reset_Handler
    startup_nuc131.o(RESET) refers to retarget.o(.emb_text) for HardFault_Handler
    startup_nuc131.o(.text) refers (Special) to heapauxi.o(.text) for __use_two_region_memory
    startup_nuc131.o(.text) refers to system_nuc131.o(i.SystemInit) for SystemInit
    startup_nuc131.o(.text) refers to __main.o(!!!main) for __main
    startup_nuc131.o(.text) refers to startup_nuc131.o(HEAP) for Heap_Mem
    startup_nuc131.o(.text) refers to startup_nuc131.o(STACK) for Stack_Mem
    system_nuc131.o(i.CLK_GetPLLClockFreq) refers to aeabi_sdiv.o(.text) for __aeabi_uidivmod
    system_nuc131.o(i.SystemCoreClockUpdate) refers to system_nuc131.o(i.CLK_GetPLLClockFreq) for CLK_GetPLLClockFreq
    system_nuc131.o(i.SystemCoreClockUpdate) refers to aeabi_sdiv.o(.text) for __aeabi_uidivmod
    system_nuc131.o(i.SystemCoreClockUpdate) refers to system_nuc131.o(.data) for PllClock
    clk.o(i.CLK_DisableCKO) refers to clk.o(i.CLK_DisableModuleClock) for CLK_DisableModuleClock
    clk.o(i.CLK_DisableModuleClock) refers to clk.o(.constdata) for .constdata
    clk.o(i.CLK_EnableCKO) refers to clk.o(i.CLK_EnableModuleClock) for CLK_EnableModuleClock
    clk.o(i.CLK_EnableCKO) refers to clk.o(i.CLK_SetModuleClock) for CLK_SetModuleClock
    clk.o(i.CLK_EnableModuleClock) refers to clk.o(.constdata) for .constdata
    clk.o(i.CLK_EnablePLL) refers to clk.o(i.CLK_WaitClockReady) for CLK_WaitClockReady
    clk.o(i.CLK_EnablePLL) refers to aeabi_sdiv.o(.text) for __aeabi_uidivmod
    clk.o(i.CLK_EnablePLL) refers to clk.o(i.CLK_GetPLLClockFreq) for CLK_GetPLLClockFreq
    clk.o(i.CLK_GetCPUFreq) refers to system_nuc131.o(i.SystemCoreClockUpdate) for SystemCoreClockUpdate
    clk.o(i.CLK_GetCPUFreq) refers to system_nuc131.o(.data) for SystemCoreClock
    clk.o(i.CLK_GetHCLKFreq) refers to system_nuc131.o(i.SystemCoreClockUpdate) for SystemCoreClockUpdate
    clk.o(i.CLK_GetHCLKFreq) refers to system_nuc131.o(.data) for SystemCoreClock
    clk.o(i.CLK_GetPCLKFreq) refers to system_nuc131.o(i.SystemCoreClockUpdate) for SystemCoreClockUpdate
    clk.o(i.CLK_GetPCLKFreq) refers to system_nuc131.o(.data) for SystemCoreClock
    clk.o(i.CLK_GetPLLClockFreq) refers to aeabi_sdiv.o(.text) for __aeabi_uidivmod
    clk.o(i.CLK_SetCoreClock) refers to clk.o(i.CLK_WaitClockReady) for CLK_WaitClockReady
    clk.o(i.CLK_SetCoreClock) refers to clk.o(i.CLK_EnablePLL) for CLK_EnablePLL
    clk.o(i.CLK_SetCoreClock) refers to clk.o(i.CLK_SetHCLK) for CLK_SetHCLK
    clk.o(i.CLK_SetHCLK) refers to system_nuc131.o(i.SystemCoreClockUpdate) for SystemCoreClockUpdate
    clk.o(i.CLK_SetModuleClock) refers to clk.o(.constdata) for .constdata
    retarget.o(.emb_text) refers to retarget.o(i.Hard_Fault_Handler) for Hard_Fault_Handler
    retarget.o(i.Hard_Fault_Handler) refers to noretval__2printf.o(.text) for __2printf
    retarget.o(i.Hard_Fault_Handler) refers to retarget.o(i.stackDump) for stackDump
    retarget.o(i.SendChar) refers to retarget.o(i.SendChar_ToUART) for SendChar_ToUART
    retarget.o(i._ttywrch) refers to retarget.o(i.SendChar) for SendChar
    retarget.o(i.fgetc) refers to retarget.o(i.GetChar) for GetChar
    retarget.o(i.fputc) refers to retarget.o(i.SendChar) for SendChar
    retarget.o(i.stackDump) refers to _printf_percent.o(.ARM.Collect$$_printf_percent$$00000000) for _printf_percent
    retarget.o(i.stackDump) refers to _printf_x.o(.ARM.Collect$$_printf_percent$$0000000C) for _printf_x
    retarget.o(i.stackDump) refers to _printf_hex_int.o(.text) for _printf_longlong_hex
    retarget.o(i.stackDump) refers to noretval__2printf.o(.text) for __2printf
    uart.o(i.CLK_GetPLLClockFreq) refers to aeabi_sdiv.o(.text) for __aeabi_uidivmod
    uart.o(i.UART_DisableInt) refers to uart.o(i.NVIC_DisableIRQ) for NVIC_DisableIRQ
    uart.o(i.UART_EnableInt) refers to uart.o(i.NVIC_EnableIRQ) for NVIC_EnableIRQ
    uart.o(i.UART_Open) refers to uart.o(i.CLK_GetPLLClockFreq) for CLK_GetPLLClockFreq
    uart.o(i.UART_Open) refers to aeabi_sdiv.o(.text) for __aeabi_uidivmod
    uart.o(i.UART_Open) refers to uart.o(.constdata) for .constdata
    uart.o(i.UART_SelectIrDAMode) refers to uart.o(i.CLK_GetPLLClockFreq) for CLK_GetPLLClockFreq
    uart.o(i.UART_SelectIrDAMode) refers to aeabi_sdiv.o(.text) for __aeabi_uidivmod
    uart.o(i.UART_SelectIrDAMode) refers to uart.o(.constdata) for .constdata
    uart.o(i.UART_SetLine_Config) refers to uart.o(i.CLK_GetPLLClockFreq) for CLK_GetPLLClockFreq
    uart.o(i.UART_SetLine_Config) refers to aeabi_sdiv.o(.text) for __aeabi_uidivmod
    uart.o(i.UART_SetLine_Config) refers to uart.o(.constdata) for .constdata
    main.o(i.CLK_SysTickDelay) refers to system_nuc131.o(.data) for CyclesPerUs
    main.o(i.SYS_Init) refers to clk.o(i.CLK_EnableXtalRC) for CLK_EnableXtalRC
    main.o(i.SYS_Init) refers to clk.o(i.CLK_WaitClockReady) for CLK_WaitClockReady
    main.o(i.SYS_Init) refers to clk.o(i.CLK_SetHCLK) for CLK_SetHCLK
    main.o(i.SYS_Init) refers to clk.o(i.CLK_SetCoreClock) for CLK_SetCoreClock
    main.o(i.SYS_Init) refers to clk.o(i.CLK_EnableModuleClock) for CLK_EnableModuleClock
    main.o(i.SYS_Init) refers to clk.o(i.CLK_SetModuleClock) for CLK_SetModuleClock
    main.o(i.ScanKey) refers to main.o(i.CLK_SysTickDelay) for CLK_SysTickDelay
    main.o(i.UART0_Init) refers to sys.o(i.SYS_ResetModule) for SYS_ResetModule
    main.o(i.UART0_Init) refers to uart.o(i.UART_Open) for UART_Open
    main.o(i.configWIFI) refers to noretval__2printf.o(.text) for __2printf
    main.o(i.configWIFI) refers to main.o(i.longdelay) for longdelay
    main.o(i.longdelay) refers to main.o(i.CLK_SysTickDelay) for CLK_SysTickDelay
    main.o(i.main) refers to main.o(i.SYS_Init) for SYS_Init
    main.o(i.main) refers to main.o(i.UART0_Init) for UART0_Init
    main.o(i.main) refers to main.o(i.initKeypad) for initKeypad
    main.o(i.main) refers to main.o(i.configWIFI) for configWIFI
    main.o(i.main) refers to main.o(i.ScanKey) for ScanKey
    main.o(i.main) refers to main.o(i.sendkey) for sendkey
    main.o(i.sendkey) refers to _printf_percent.o(.ARM.Collect$$_printf_percent$$00000000) for _printf_percent
    main.o(i.sendkey) refers to _printf_d.o(.ARM.Collect$$_printf_percent$$00000009) for _printf_d
    main.o(i.sendkey) refers to _printf_dec.o(.text) for _printf_int_dec
    main.o(i.sendkey) refers to noretval__2printf.o(.text) for __2printf
    main.o(i.sendkey) refers to main.o(i.longdelay) for longdelay
    main.o(i.sendkey) refers to main.o(i.initKeypad) for initKeypad
    main.o(i.sendkey) refers to main.o(i.CLK_SysTickDelay) for CLK_SysTickDelay
    __2printf.o(.text) refers to _printf_char_file.o(.text) for _printf_char_file
    __2printf.o(.text) refers to retarget.o(.data) for __stdout
    noretval__2printf.o(.text) refers to _printf_char_file.o(.text) for _printf_char_file
    noretval__2printf.o(.text) refers to retarget.o(.data) for __stdout
    __printf.o(.text) refers to _printf_percent.o(.ARM.Collect$$_printf_percent$$00000000) for _printf_percent
    _printf_dec.o(.text) refers to rtudiv10.o(.text) for __rt_udiv10
    _printf_dec.o(.text) refers to _printf_intcommon.o(.text) for _printf_int_common
    _printf_hex_ll.o(.text) refers to _printf_intcommon.o(.text) for _printf_int_common
    _printf_hex_ll.o(.text) refers to _printf_hex_ll.o(.constdata) for .constdata
    _printf_hex_int.o(.text) refers to _printf_intcommon.o(.text) for _printf_int_common
    _printf_hex_int.o(.text) refers to _printf_hex_int.o(.constdata) for .constdata
    _printf_hex_int_ll.o(.text) refers to _printf_intcommon.o(.text) for _printf_int_common
    _printf_hex_int_ll.o(.text) refers to _printf_hex_int_ll.o(.constdata) for .constdata
    _printf_hex_ptr.o(.text) refers to _printf_intcommon.o(.text) for _printf_int_common
    _printf_hex_ptr.o(.text) refers to _printf_hex_ptr.o(.constdata) for .constdata
    _printf_hex_int_ptr.o(.text) refers to _printf_intcommon.o(.text) for _printf_int_common
    _printf_hex_int_ptr.o(.text) refers to _printf_hex_int_ptr.o(.constdata) for .constdata
    _printf_hex_ll_ptr.o(.text) refers to _printf_intcommon.o(.text) for _printf_int_common
    _printf_hex_ll_ptr.o(.text) refers to _printf_hex_ll_ptr.o(.constdata) for .constdata
    _printf_hex_int_ll_ptr.o(.text) refers to _printf_intcommon.o(.text) for _printf_int_common
    _printf_hex_int_ll_ptr.o(.text) refers to _printf_hex_int_ll_ptr.o(.constdata) for .constdata
    __printf_flags.o(.text) refers to _printf_percent.o(.ARM.Collect$$_printf_percent$$00000000) for _printf_percent
    __printf_flags.o(.text) refers to __printf_flags.o(.constdata) for .constdata
    __printf_ss.o(.text) refers to _printf_percent.o(.ARM.Collect$$_printf_percent$$00000000) for _printf_percent
    __printf_flags_ss.o(.text) refers to _printf_percent.o(.ARM.Collect$$_printf_percent$$00000000) for _printf_percent
    __printf_flags_ss.o(.text) refers to __printf_flags_ss.o(.constdata) for .constdata
    __printf_wp.o(.text) refers to __printf_wp.o(i._is_digit) for _is_digit
    __printf_wp.o(.text) refers to _printf_percent.o(.ARM.Collect$$_printf_percent$$00000000) for _printf_percent
    __printf_flags_wp.o(.text) refers to __printf_wp.o(i._is_digit) for _is_digit
    __printf_flags_wp.o(.text) refers to _printf_percent.o(.ARM.Collect$$_printf_percent$$00000000) for _printf_percent
    __printf_flags_wp.o(.text) refers to __printf_flags_wp.o(.constdata) for .constdata
    __printf_ss_wp.o(.text) refers to __printf_wp.o(i._is_digit) for _is_digit
    __printf_ss_wp.o(.text) refers to _printf_percent.o(.ARM.Collect$$_printf_percent$$00000000) for _printf_percent
    __printf_flags_ss_wp.o(.text) refers to __printf_wp.o(i._is_digit) for _is_digit
    __printf_flags_ss_wp.o(.text) refers to _printf_percent.o(.ARM.Collect$$_printf_percent$$00000000) for _printf_percent
    __printf_flags_ss_wp.o(.text) refers to __printf_flags_ss_wp.o(.constdata) for .constdata
    _printf_x.o(.ARM.Collect$$_printf_percent$$0000000C) refers (Weak) to _printf_hex_int.o(.text) for _printf_int_hex
    _printf_d.o(.ARM.Collect$$_printf_percent$$00000009) refers (Weak) to _printf_dec.o(.text) for _printf_int_dec
    _printf_percent.o(.ARM.Collect$$_printf_percent$$00000000) refers (Special) to _printf_percent_end.o(.ARM.Collect$$_printf_percent$$00000017) for _printf_percent_end
    __main.o(!!!main) refers to __rtentry.o(.ARM.Collect$$rtentry$$00000000) for __rt_entry
    __rtentry.o(.ARM.Collect$$rtentry$$00000000) refers (Special) to __rtentry2.o(.ARM.Collect$$rtentry$$0000000A) for __rt_entry_li
    __rtentry.o(.ARM.Collect$$rtentry$$00000000) refers (Special) to __rtentry2.o(.ARM.Collect$$rtentry$$0000000D) for __rt_entry_main
    __rtentry.o(.ARM.Collect$$rtentry$$00000000) refers (Special) to __rtentry2.o(.ARM.Collect$$rtentry$$0000000C) for __rt_entry_postli_1
    __rtentry.o(.ARM.Collect$$rtentry$$00000000) refers (Special) to __rtentry2.o(.ARM.Collect$$rtentry$$00000009) for __rt_entry_postsh_1
    __rtentry.o(.ARM.Collect$$rtentry$$00000000) refers (Special) to __rtentry2.o(.ARM.Collect$$rtentry$$00000002) for __rt_entry_presh_1
    __rtentry.o(.ARM.Collect$$rtentry$$00000000) refers (Special) to __rtentry4.o(.ARM.Collect$$rtentry$$00000004) for __rt_entry_sh
    aeabi_idiv0_sigfpe.o(.text) refers to rt_div0.o(.text) for __rt_div0
    _printf_char_file.o(.text) refers to _printf_char_common.o(.text) for _printf_char_common
    _printf_char_file.o(.text) refers to retarget.o(i.ferror) for ferror
    _printf_char_file.o(.text) refers to retarget.o(i.fputc) for fputc
    __rtentry2.o(.ARM.Collect$$rtentry$$00000008) refers to boardinit2.o(.text) for _platform_post_stackheap_init
    __rtentry2.o(.ARM.Collect$$rtentry$$0000000A) refers to libinit.o(.ARM.Collect$$libinit$$00000000) for __rt_lib_init
    __rtentry2.o(.ARM.Collect$$rtentry$$0000000B) refers to boardinit3.o(.text) for _platform_post_lib_init
    __rtentry2.o(.ARM.Collect$$rtentry$$0000000D) refers to main.o(i.main) for main
    __rtentry2.o(.ARM.Collect$$rtentry$$0000000D) refers to exit.o(.text) for exit
    __rtentry2.o(.ARM.exidx) refers to __rtentry2.o(.ARM.Collect$$rtentry$$00000001) for .ARM.Collect$$rtentry$$00000001
    __rtentry2.o(.ARM.exidx) refers to __rtentry2.o(.ARM.Collect$$rtentry$$00000008) for .ARM.Collect$$rtentry$$00000008
    __rtentry2.o(.ARM.exidx) refers to __rtentry2.o(.ARM.Collect$$rtentry$$0000000A) for .ARM.Collect$$rtentry$$0000000A
    __rtentry2.o(.ARM.exidx) refers to __rtentry2.o(.ARM.Collect$$rtentry$$0000000B) for .ARM.Collect$$rtentry$$0000000B
    __rtentry2.o(.ARM.exidx) refers to __rtentry2.o(.ARM.Collect$$rtentry$$0000000D) for .ARM.Collect$$rtentry$$0000000D
    __rtentry4.o(.ARM.Collect$$rtentry$$00000004) refers to sys_stackheap_outer.o(.text) for __user_setup_stackheap
    __rtentry4.o(.ARM.exidx) refers to __rtentry4.o(.ARM.Collect$$rtentry$$00000004) for .ARM.Collect$$rtentry$$00000004
    rt_div0.o(.text) refers to defsig_fpe_outer.o(.text) for __rt_SIGFPE
    _printf_char_common.o(.text) refers to __printf_wp.o(.text) for __printf
    sys_stackheap_outer.o(.text) refers to libspace.o(.text) for __user_perproc_libspace
    sys_stackheap_outer.o(.text) refers to startup_nuc131.o(.text) for __user_initial_stackheap
    sys_stackheap_outer.o(__vectab_stack_and_reset_area) refers to tempstk.o(.text) for __temporary_stack_top
    sys_stackheap_outer.o(__vectab_stack_and_reset_area) refers to __main.o(!!!main) for __main
    exit.o(.text) refers to rtexit.o(.ARM.Collect$$rtexit$$00000000) for __rt_exit
    defsig_fpe_outer.o(.text) refers to defsig_fpe_inner.o(.text) for __rt_SIGFPE_inner
    defsig_fpe_outer.o(.text) refers to defsig_exit.o(.text) for __sig_exit
    defsig_fpe_formal.o(.text) refers to rt_raise.o(.text) for __rt_raise
    libinit.o(.ARM.Collect$$libinit$$00000000) refers (Special) to libinit2.o(.ARM.Collect$$libinit$$0000002E) for __rt_lib_init_alloca_1
    libinit.o(.ARM.Collect$$libinit$$00000000) refers (Special) to libinit2.o(.ARM.Collect$$libinit$$0000002C) for __rt_lib_init_argv_1
    libinit.o(.ARM.Collect$$libinit$$00000000) refers (Special) to libinit2.o(.ARM.Collect$$libinit$$0000001B) for __rt_lib_init_atexit_1
    libinit.o(.ARM.Collect$$libinit$$00000000) refers (Special) to libinit2.o(.ARM.Collect$$libinit$$00000021) for __rt_lib_init_clock_1
    libinit.o(.ARM.Collect$$libinit$$00000000) refers (Special) to libinit2.o(.ARM.Collect$$libinit$$00000032) for __rt_lib_init_cpp_1
    libinit.o(.ARM.Collect$$libinit$$00000000) refers (Special) to libinit2.o(.ARM.Collect$$libinit$$00000030) for __rt_lib_init_exceptions_1
    libinit.o(.ARM.Collect$$libinit$$00000000) refers (Special) to libinit2.o(.ARM.Collect$$libinit$$00000002) for __rt_lib_init_fp_1
    libinit.o(.ARM.Collect$$libinit$$00000000) refers (Special) to libinit2.o(.ARM.Collect$$libinit$$0000001F) for __rt_lib_init_fp_trap_1
    libinit.o(.ARM.Collect$$libinit$$00000000) refers (Special) to libinit2.o(.ARM.Collect$$libinit$$00000023) for __rt_lib_init_getenv_1
    libinit.o(.ARM.Collect$$libinit$$00000000) refers (Special) to libinit2.o(.ARM.Collect$$libinit$$0000000A) for __rt_lib_init_heap_1
    libinit.o(.ARM.Collect$$libinit$$00000000) refers (Special) to libinit2.o(.ARM.Collect$$libinit$$00000011) for __rt_lib_init_lc_collate_1
    libinit.o(.ARM.Collect$$libinit$$00000000) refers (Special) to libinit2.o(.ARM.Collect$$libinit$$00000013) for __rt_lib_init_lc_ctype_1
    libinit.o(.ARM.Collect$$libinit$$00000000) refers (Special) to libinit2.o(.ARM.Collect$$libinit$$00000015) for __rt_lib_init_lc_monetary_1
    libinit.o(.ARM.Collect$$libinit$$00000000) refers (Special) to libinit2.o(.ARM.Collect$$libinit$$00000017) for __rt_lib_init_lc_numeric_1
    libinit.o(.ARM.Collect$$libinit$$00000000) refers (Special) to libinit2.o(.ARM.Collect$$libinit$$00000019) for __rt_lib_init_lc_time_1
    libinit.o(.ARM.Collect$$libinit$$00000000) refers (Special) to libinit2.o(.ARM.Collect$$libinit$$00000004) for __rt_lib_init_preinit_1
    libinit.o(.ARM.Collect$$libinit$$00000000) refers (Special) to libinit2.o(.ARM.Collect$$libinit$$0000000E) for __rt_lib_init_rand_1
    libinit.o(.ARM.Collect$$libinit$$00000000) refers (Special) to libinit2.o(.ARM.Collect$$libinit$$00000033) for __rt_lib_init_return
    libinit.o(.ARM.Collect$$libinit$$00000000) refers (Special) to libinit2.o(.ARM.Collect$$libinit$$0000001D) for __rt_lib_init_signal_1
    libinit.o(.ARM.Collect$$libinit$$00000000) refers (Special) to libinit2.o(.ARM.Collect$$libinit$$00000025) for __rt_lib_init_stdio_1
    libinit.o(.ARM.Collect$$libinit$$00000000) refers (Special) to libinit2.o(.ARM.Collect$$libinit$$0000000C) for __rt_lib_init_user_alloc_1
    libspace.o(.text) refers to libspace.o(.bss) for __libspace_start
    rtexit.o(.ARM.Collect$$rtexit$$00000000) refers (Special) to rtexit2.o(.ARM.Collect$$rtexit$$00000004) for __rt_exit_exit
    rtexit.o(.ARM.Collect$$rtexit$$00000000) refers (Special) to rtexit2.o(.ARM.Collect$$rtexit$$00000003) for __rt_exit_ls
    rtexit.o(.ARM.Collect$$rtexit$$00000000) refers (Special) to rtexit2.o(.ARM.Collect$$rtexit$$00000002) for __rt_exit_prels_1
    rtexit.o(.ARM.exidx) refers (Special) to rtexit2.o(.ARM.Collect$$rtexit$$00000004) for __rt_exit_exit
    rtexit.o(.ARM.exidx) refers (Special) to rtexit2.o(.ARM.Collect$$rtexit$$00000003) for __rt_exit_ls
    rtexit.o(.ARM.exidx) refers (Special) to rtexit2.o(.ARM.Collect$$rtexit$$00000002) for __rt_exit_prels_1
    rtexit.o(.ARM.exidx) refers to rtexit.o(.ARM.Collect$$rtexit$$00000000) for .ARM.Collect$$rtexit$$00000000
    rt_raise.o(.text) refers to __raise.o(.text) for __raise
    rt_raise.o(.text) refers to sys_exit.o(.text) for _sys_exit
    defsig_exit.o(.text) refers to sys_exit.o(.text) for _sys_exit
    defsig_fpe_inner.o(.text) refers to defsig_general.o(.text) for __default_signal_display
    libinit2.o(.ARM.Collect$$libinit$$00000010) refers to libinit2.o(.ARM.Collect$$libinit$$0000000F) for .ARM.Collect$$libinit$$0000000F
    libinit2.o(.ARM.Collect$$libinit$$00000012) refers to libinit2.o(.ARM.Collect$$libinit$$0000000F) for .ARM.Collect$$libinit$$0000000F
    libinit2.o(.ARM.Collect$$libinit$$00000014) refers to libinit2.o(.ARM.Collect$$libinit$$0000000F) for .ARM.Collect$$libinit$$0000000F
    libinit2.o(.ARM.Collect$$libinit$$00000016) refers to libinit2.o(.ARM.Collect$$libinit$$0000000F) for .ARM.Collect$$libinit$$0000000F
    libinit2.o(.ARM.Collect$$libinit$$00000018) refers to libinit2.o(.ARM.Collect$$libinit$$0000000F) for .ARM.Collect$$libinit$$0000000F
    libinit2.o(.ARM.Collect$$libinit$$00000026) refers to argv_veneer.o(.text) for __ARM_argv_veneer
    libinit2.o(.ARM.Collect$$libinit$$00000027) refers to argv_veneer.o(.text) for __ARM_argv_veneer
    sys_exit.o(.text) refers (Special) to use_no_semi.o(.text) for __I$use$semihosting
    sys_exit.o(.text) refers (Special) to indicate_semi.o(.text) for __semihosting_library_function
    rtexit2.o(.ARM.Collect$$rtexit$$00000003) refers to libshutdown.o(.ARM.Collect$$libshutdown$$00000000) for __rt_lib_shutdown
    rtexit2.o(.ARM.Collect$$rtexit$$00000004) refers to sys_exit.o(.text) for _sys_exit
    rtexit2.o(.ARM.exidx) refers to rtexit2.o(.ARM.Collect$$rtexit$$00000001) for .ARM.Collect$$rtexit$$00000001
    rtexit2.o(.ARM.exidx) refers to rtexit2.o(.ARM.Collect$$rtexit$$00000003) for .ARM.Collect$$rtexit$$00000003
    rtexit2.o(.ARM.exidx) refers to rtexit2.o(.ARM.Collect$$rtexit$$00000004) for .ARM.Collect$$rtexit$$00000004
    __raise.o(.text) refers to defsig.o(CL$$defsig) for __default_signal_handler
    defsig_general.o(.text) refers to retarget.o(i._ttywrch) for _ttywrch
    defsig.o(CL$$defsig) refers to defsig_fpe_inner.o(.text) for __rt_SIGFPE_inner
    defsig.o(CL$$defsig) refers to defsig_rtmem_inner.o(.text) for __rt_SIGRTMEM_inner
    _get_argv_nomalloc.o(.text) refers (Special) to hrguard.o(.text) for __heap_region$guard
    _get_argv_nomalloc.o(.text) refers to defsig_rtmem_outer.o(.text) for __rt_SIGRTMEM
    _get_argv_nomalloc.o(.text) refers to sys_command.o(.text) for _sys_command_string
    libshutdown.o(.ARM.Collect$$libshutdown$$00000000) refers (Special) to libshutdown2.o(.ARM.Collect$$libshutdown$$00000002) for __rt_lib_shutdown_cpp_1
    libshutdown.o(.ARM.Collect$$libshutdown$$00000000) refers (Special) to libshutdown2.o(.ARM.Collect$$libshutdown$$00000007) for __rt_lib_shutdown_fp_trap_1
    libshutdown.o(.ARM.Collect$$libshutdown$$00000000) refers (Special) to libshutdown2.o(.ARM.Collect$$libshutdown$$0000000F) for __rt_lib_shutdown_heap_1
    libshutdown.o(.ARM.Collect$$libshutdown$$00000000) refers (Special) to libshutdown2.o(.ARM.Collect$$libshutdown$$00000010) for __rt_lib_shutdown_return
    libshutdown.o(.ARM.Collect$$libshutdown$$00000000) refers (Special) to libshutdown2.o(.ARM.Collect$$libshutdown$$0000000A) for __rt_lib_shutdown_signal_1
    libshutdown.o(.ARM.Collect$$libshutdown$$00000000) refers (Special) to libshutdown2.o(.ARM.Collect$$libshutdown$$00000004) for __rt_lib_shutdown_stdio_1
    libshutdown.o(.ARM.Collect$$libshutdown$$00000000) refers (Special) to libshutdown2.o(.ARM.Collect$$libshutdown$$0000000C) for __rt_lib_shutdown_user_alloc_1
    sys_command.o(.text) refers (Special) to use_no_semi.o(.text) for __I$use$semihosting
    sys_command.o(.text) refers (Special) to indicate_semi.o(.text) for __semihosting_library_function
    defsig_abrt_inner.o(.text) refers to defsig_general.o(.text) for __default_signal_display
    defsig_rtred_inner.o(.text) refers to defsig_general.o(.text) for __default_signal_display
    defsig_rtmem_inner.o(.text) refers to defsig_general.o(.text) for __default_signal_display
    defsig_rtmem_outer.o(.text) refers to defsig_rtmem_inner.o(.text) for __rt_SIGRTMEM_inner
    defsig_rtmem_outer.o(.text) refers to defsig_exit.o(.text) for __sig_exit
    defsig_rtmem_formal.o(.text) refers to rt_raise.o(.text) for __rt_raise
    defsig_stak_inner.o(.text) refers to defsig_general.o(.text) for __default_signal_display
    defsig_pvfn_inner.o(.text) refers to defsig_general.o(.text) for __default_signal_display
    defsig_cppl_inner.o(.text) refers to defsig_general.o(.text) for __default_signal_display
    defsig_segv_inner.o(.text) refers to defsig_general.o(.text) for __default_signal_display
    defsig_other.o(.text) refers to defsig_general.o(.text) for __default_signal_display


==============================================================================

Removing Unused input sections from the image.

    Removing system_nuc131.o(.rev16_text), (4 bytes).
    Removing system_nuc131.o(.revsh_text), (4 bytes).
    Removing clk.o(.rev16_text), (4 bytes).
    Removing clk.o(.revsh_text), (4 bytes).
    Removing clk.o(i.CLK_DisableCKO), (16 bytes).
    Removing clk.o(i.CLK_DisableModuleClock), (60 bytes).
    Removing clk.o(i.CLK_DisablePLL), (20 bytes).
    Removing clk.o(i.CLK_DisableSysTick), (12 bytes).
    Removing clk.o(i.CLK_DisableXtalRC), (16 bytes).
    Removing clk.o(i.CLK_EnableCKO), (48 bytes).
    Removing clk.o(i.CLK_EnableSysTick), (72 bytes).
    Removing clk.o(i.CLK_GetCPUFreq), (16 bytes).
    Removing clk.o(i.CLK_GetHCLKFreq), (16 bytes).
    Removing clk.o(i.CLK_GetHXTFreq), (28 bytes).
    Removing clk.o(i.CLK_GetPCLKFreq), (16 bytes).
    Removing clk.o(i.CLK_Idle), (36 bytes).
    Removing clk.o(i.CLK_PowerDown), (40 bytes).
    Removing clk.o(i.CLK_SetSysTickClockSrc), (20 bytes).
    Removing retarget.o(.rev16_text), (4 bytes).
    Removing retarget.o(.revsh_text), (4 bytes).
    Removing retarget.o(i.GetChar), (32 bytes).
    Removing retarget.o(i.IsDebugFifoEmpty), (20 bytes).
    Removing retarget.o(i._ttywrch), (12 bytes).
    Removing retarget.o(i.fgetc), (10 bytes).
    Removing retarget.o(i.kbhit), (20 bytes).
    Removing sys.o(.rev16_text), (4 bytes).
    Removing sys.o(.revsh_text), (4 bytes).
    Removing sys.o(i.SYS_ClearResetSrc), (16 bytes).
    Removing sys.o(i.SYS_DisableBOD), (18 bytes).
    Removing sys.o(i.SYS_EnableBOD), (50 bytes).
    Removing sys.o(i.SYS_GetBODStatus), (14 bytes).
    Removing sys.o(i.SYS_GetResetSrc), (8 bytes).
    Removing sys.o(i.SYS_IsRegLocked), (20 bytes).
    Removing sys.o(i.SYS_ReadPDID), (8 bytes).
    Removing sys.o(i.SYS_ResetCPU), (18 bytes).
    Removing sys.o(i.SYS_ResetChip), (18 bytes).
    Removing uart.o(.rev16_text), (4 bytes).
    Removing uart.o(.revsh_text), (4 bytes).
    Removing uart.o(i.NVIC_DisableIRQ), (20 bytes).
    Removing uart.o(i.NVIC_EnableIRQ), (20 bytes).
    Removing uart.o(i.UART_ClearIntFlag), (112 bytes).
    Removing uart.o(i.UART_Close), (6 bytes).
    Removing uart.o(i.UART_DisableFlowCtrl), (12 bytes).
    Removing uart.o(i.UART_DisableInt), (112 bytes).
    Removing uart.o(i.UART_EnableFlowCtrl), (30 bytes).
    Removing uart.o(i.UART_EnableInt), (112 bytes).
    Removing uart.o(i.UART_Read), (54 bytes).
    Removing uart.o(i.UART_SelectIrDAMode), (164 bytes).
    Removing uart.o(i.UART_SelectLINMode), (26 bytes).
    Removing uart.o(i.UART_SelectRS485Mode), (32 bytes).
    Removing uart.o(i.UART_SetLine_Config), (184 bytes).
    Removing uart.o(i.UART_SetTimeoutCnt), (22 bytes).
    Removing uart.o(i.UART_Write), (54 bytes).
    Removing main.o(.rev16_text), (4 bytes).
    Removing main.o(.revsh_text), (4 bytes).

55 unused section(s) (total 1688 bytes) removed from the image.

==============================================================================

Image Symbol Table

    Local Symbols

    Symbol Name                              Value     Ov Type        Size  Object(Section)

    RESET                                    0x00000000   Section      192  startup_nuc131.o(RESET)
    ../clib/angel/boardlib.s                 0x00000000   Number         0  boardinit1.o ABSOLUTE
    ../clib/angel/boardlib.s                 0x00000000   Number         0  boardshut.o ABSOLUTE
    ../clib/angel/boardlib.s                 0x00000000   Number         0  boardinit2.o ABSOLUTE
    ../clib/angel/boardlib.s                 0x00000000   Number         0  boardinit3.o ABSOLUTE
    ../clib/angel/handlers.s                 0x00000000   Number         0  __scatter_zi.o ABSOLUTE
    ../clib/angel/handlers.s                 0x00000000   Number         0  __scatter_copy.o ABSOLUTE
    ../clib/angel/kernel.s                   0x00000000   Number         0  rtexit.o ABSOLUTE
    ../clib/angel/kernel.s                   0x00000000   Number         0  rtexit2.o ABSOLUTE
    ../clib/angel/kernel.s                   0x00000000   Number         0  __rtentry.o ABSOLUTE
    ../clib/angel/kernel.s                   0x00000000   Number         0  __rtentry4.o ABSOLUTE
    ../clib/angel/kernel.s                   0x00000000   Number         0  __rtentry2.o ABSOLUTE
    ../clib/angel/rt.s                       0x00000000   Number         0  aeabi_idiv0_sigfpe.o ABSOLUTE
    ../clib/angel/rt.s                       0x00000000   Number         0  rt_raise.o ABSOLUTE
    ../clib/angel/rt.s                       0x00000000   Number         0  aeabi_idiv0.o ABSOLUTE
    ../clib/angel/rt.s                       0x00000000   Number         0  rt_div0.o ABSOLUTE
    ../clib/angel/scatterp.s                 0x00000000   Number         0  __scatter.o ABSOLUTE
    ../clib/angel/startup.s                  0x00000000   Number         0  __main.o ABSOLUTE
    ../clib/angel/sys.s                      0x00000000   Number         0  tempstk.o ABSOLUTE
    ../clib/angel/sys.s                      0x00000000   Number         0  libspace.o ABSOLUTE
    ../clib/angel/sys.s                      0x00000000   Number         0  sys_stackheap_outer.o ABSOLUTE
    ../clib/angel/sys.s                      0x00000000   Number         0  indicate_semi.o ABSOLUTE
    ../clib/angel/sys.s                      0x00000000   Number         0  use_no_semi.o ABSOLUTE
    ../clib/angel/sysapp.c                   0x00000000   Number         0  sys_command.o ABSOLUTE
    ../clib/angel/sysapp.c                   0x00000000   Number         0  sys_exit.o ABSOLUTE
    ../clib/armsys.c                         0x00000000   Number         0  argv_veneer.o ABSOLUTE
    ../clib/armsys.c                         0x00000000   Number         0  _get_argv_nomalloc.o ABSOLUTE
    ../clib/armsys.c                         0x00000000   Number         0  no_argv.o ABSOLUTE
    ../clib/division.c                       0x00000000   Number         0  rtudiv10.o ABSOLUTE
    ../clib/division.s                       0x00000000   Number         0  aeabi_sdiv.o ABSOLUTE
    ../clib/division.s                       0x00000000   Number         0  aeabi_sdiv_div0.o ABSOLUTE
    ../clib/heapalloc.c                      0x00000000   Number         0  hrguard.o ABSOLUTE
    ../clib/heapaux.c                        0x00000000   Number         0  heapauxi.o ABSOLUTE
    ../clib/libinit.s                        0x00000000   Number         0  libshutdown.o ABSOLUTE
    ../clib/libinit.s                        0x00000000   Number         0  libinit2.o ABSOLUTE
    ../clib/libinit.s                        0x00000000   Number         0  libinit.o ABSOLUTE
    ../clib/libinit.s                        0x00000000   Number         0  libshutdown2.o ABSOLUTE
    ../clib/misc.s                           0x00000000   Number         0  printf_stubs.o ABSOLUTE
    ../clib/printf.c                         0x00000000   Number         0  __printf_flags_ss_wp.o ABSOLUTE
    ../clib/printf.c                         0x00000000   Number         0  _printf_hex_int_ll_ptr.o ABSOLUTE
    ../clib/printf.c                         0x00000000   Number         0  _printf_hex_ll_ptr.o ABSOLUTE
    ../clib/printf.c                         0x00000000   Number         0  _printf_hex_int_ptr.o ABSOLUTE
    ../clib/printf.c                         0x00000000   Number         0  _printf_hex_int_ll.o ABSOLUTE
    ../clib/printf.c                         0x00000000   Number         0  __printf_ss.o ABSOLUTE
    ../clib/printf.c                         0x00000000   Number         0  __printf_wp.o ABSOLUTE
    ../clib/printf.c                         0x00000000   Number         0  _printf_char_common.o ABSOLUTE
    ../clib/printf.c                         0x00000000   Number         0  _printf_dec.o ABSOLUTE
    ../clib/printf.c                         0x00000000   Number         0  _printf_hex_ptr.o ABSOLUTE
    ../clib/printf.c                         0x00000000   Number         0  _printf_hex_ll.o ABSOLUTE
    ../clib/printf.c                         0x00000000   Number         0  __printf_flags_ss.o ABSOLUTE
    ../clib/printf.c                         0x00000000   Number         0  __printf.o ABSOLUTE
    ../clib/printf.c                         0x00000000   Number         0  noretval__2printf.o ABSOLUTE
    ../clib/printf.c                         0x00000000   Number         0  __printf_flags_wp.o ABSOLUTE
    ../clib/printf.c                         0x00000000   Number         0  _printf_hex_int.o ABSOLUTE
    ../clib/printf.c                         0x00000000   Number         0  __printf_ss_wp.o ABSOLUTE
    ../clib/printf.c                         0x00000000   Number         0  __printf_flags.o ABSOLUTE
    ../clib/printf.c                         0x00000000   Number         0  _printf_char_file.o ABSOLUTE
    ../clib/printf.c                         0x00000000   Number         0  _printf_intcommon.o ABSOLUTE
    ../clib/printf.c                         0x00000000   Number         0  __2printf.o ABSOLUTE
    ../clib/printf.c                         0x00000000   Number         0  __printf_nopercent.o ABSOLUTE
    ../clib/printf_percent.s                 0x00000000   Number         0  _printf_percent.o ABSOLUTE
    ../clib/printf_percent.s                 0x00000000   Number         0  _printf_d.o ABSOLUTE
    ../clib/printf_percent.s                 0x00000000   Number         0  _printf_x.o ABSOLUTE
    ../clib/printf_percent.s                 0x00000000   Number         0  _printf_percent_end.o ABSOLUTE
    ../clib/signal.c                         0x00000000   Number         0  defsig_general.o ABSOLUTE
    ../clib/signal.c                         0x00000000   Number         0  __raise.o ABSOLUTE
    ../clib/signal.c                         0x00000000   Number         0  defsig_fpe_inner.o ABSOLUTE
    ../clib/signal.c                         0x00000000   Number         0  defsig_exit.o ABSOLUTE
    ../clib/signal.c                         0x00000000   Number         0  defsig_fpe_formal.o ABSOLUTE
    ../clib/signal.c                         0x00000000   Number         0  defsig_fpe_outer.o ABSOLUTE
    ../clib/signal.c                         0x00000000   Number         0  defsig_rtmem_outer.o ABSOLUTE
    ../clib/signal.c                         0x00000000   Number         0  defsig_rtmem_formal.o ABSOLUTE
    ../clib/signal.c                         0x00000000   Number         0  defsig_stak_inner.o ABSOLUTE
    ../clib/signal.c                         0x00000000   Number         0  defsig_pvfn_inner.o ABSOLUTE
    ../clib/signal.c                         0x00000000   Number         0  defsig_cppl_inner.o ABSOLUTE
    ../clib/signal.c                         0x00000000   Number         0  defsig_segv_inner.o ABSOLUTE
    ../clib/signal.c                         0x00000000   Number         0  defsig_other.o ABSOLUTE
    ../clib/signal.c                         0x00000000   Number         0  defsig_rtmem_inner.o ABSOLUTE
    ../clib/signal.c                         0x00000000   Number         0  defsig_rtred_inner.o ABSOLUTE
    ../clib/signal.c                         0x00000000   Number         0  defsig_abrt_inner.o ABSOLUTE
    ../clib/signal.s                         0x00000000   Number         0  defsig.o ABSOLUTE
    ../clib/stdlib.c                         0x00000000   Number         0  exit.o ABSOLUTE
    ../fplib/cfplib/fpinit.c                 0x00000000   Number         0  fpinit.o ABSOLUTE
    CMSIS\\system_NUC131.c                   0x00000000   Number         0  system_nuc131.o ABSOLUTE
    CMSIS\startup_NUC131.s                   0x00000000   Number         0  startup_nuc131.o ABSOLUTE
    CMSIS\system_NUC131.c                    0x00000000   Number         0  system_nuc131.o ABSOLUTE
    Library\\clk.c                           0x00000000   Number         0  clk.o ABSOLUTE
    Library\\retarget.c                      0x00000000   Number         0  retarget.o ABSOLUTE
    Library\\sys.c                           0x00000000   Number         0  sys.o ABSOLUTE
    Library\\uart.c                          0x00000000   Number         0  uart.o ABSOLUTE
    Library\clk.c                            0x00000000   Number         0  clk.o ABSOLUTE
    Library\retarget.c                       0x00000000   Number         0  retarget.o ABSOLUTE
    Library\sys.c                            0x00000000   Number         0  sys.o ABSOLUTE
    Library\uart.c                           0x00000000   Number         0  uart.o ABSOLUTE
    User\\main.c                             0x00000000   Number         0  main.o ABSOLUTE
    User\main.c                              0x00000000   Number         0  main.o ABSOLUTE
    dc.s                                     0x00000000   Number         0  dc.o ABSOLUTE
    !!!main                                  0x000000c0   Section        8  __main.o(!!!main)
    !!!scatter                               0x000000c8   Section       60  __scatter.o(!!!scatter)
    !!handler_copy                           0x00000104   Section       26  __scatter_copy.o(!!handler_copy)
    !!handler_zi                             0x00000120   Section       28  __scatter_zi.o(!!handler_zi)
    .ARM.Collect$$_printf_percent$$00000000  0x0000013c   Section        2  _printf_percent.o(.ARM.Collect$$_printf_percent$$00000000)
    .ARM.Collect$$_printf_percent$$00000009  0x0000013e   Section       10  _printf_d.o(.ARM.Collect$$_printf_percent$$00000009)
    .ARM.Collect$$_printf_percent$$0000000C  0x00000148   Section       10  _printf_x.o(.ARM.Collect$$_printf_percent$$0000000C)
    .ARM.Collect$$_printf_percent$$00000017  0x00000152   Section        4  _printf_percent_end.o(.ARM.Collect$$_printf_percent$$00000017)
    .ARM.Collect$$libinit$$00000000          0x00000156   Section        2  libinit.o(.ARM.Collect$$libinit$$00000000)
    .ARM.Collect$$libinit$$00000002          0x00000158   Section        0  libinit2.o(.ARM.Collect$$libinit$$00000002)
    .ARM.Collect$$libinit$$00000004          0x00000158   Section        0  libinit2.o(.ARM.Collect$$libinit$$00000004)
    .ARM.Collect$$libinit$$0000000A          0x00000158   Section        0  libinit2.o(.ARM.Collect$$libinit$$0000000A)
    .ARM.Collect$$libinit$$0000000C          0x00000158   Section        0  libinit2.o(.ARM.Collect$$libinit$$0000000C)
    .ARM.Collect$$libinit$$0000000E          0x00000158   Section        0  libinit2.o(.ARM.Collect$$libinit$$0000000E)
    .ARM.Collect$$libinit$$00000011          0x00000158   Section        0  libinit2.o(.ARM.Collect$$libinit$$00000011)
    .ARM.Collect$$libinit$$00000013          0x00000158   Section        0  libinit2.o(.ARM.Collect$$libinit$$00000013)
    .ARM.Collect$$libinit$$00000015          0x00000158   Section        0  libinit2.o(.ARM.Collect$$libinit$$00000015)
    .ARM.Collect$$libinit$$00000017          0x00000158   Section        0  libinit2.o(.ARM.Collect$$libinit$$00000017)
    .ARM.Collect$$libinit$$00000019          0x00000158   Section        0  libinit2.o(.ARM.Collect$$libinit$$00000019)
    .ARM.Collect$$libinit$$0000001B          0x00000158   Section        0  libinit2.o(.ARM.Collect$$libinit$$0000001B)
    .ARM.Collect$$libinit$$0000001D          0x00000158   Section        0  libinit2.o(.ARM.Collect$$libinit$$0000001D)
    .ARM.Collect$$libinit$$0000001F          0x00000158   Section        0  libinit2.o(.ARM.Collect$$libinit$$0000001F)
    .ARM.Collect$$libinit$$00000021          0x00000158   Section        0  libinit2.o(.ARM.Collect$$libinit$$00000021)
    .ARM.Collect$$libinit$$00000023          0x00000158   Section        0  libinit2.o(.ARM.Collect$$libinit$$00000023)
    .ARM.Collect$$libinit$$00000025          0x00000158   Section        0  libinit2.o(.ARM.Collect$$libinit$$00000025)
    .ARM.Collect$$libinit$$0000002C          0x00000158   Section        0  libinit2.o(.ARM.Collect$$libinit$$0000002C)
    .ARM.Collect$$libinit$$0000002E          0x00000158   Section        0  libinit2.o(.ARM.Collect$$libinit$$0000002E)
    .ARM.Collect$$libinit$$00000030          0x00000158   Section        0  libinit2.o(.ARM.Collect$$libinit$$00000030)
    .ARM.Collect$$libinit$$00000032          0x00000158   Section        0  libinit2.o(.ARM.Collect$$libinit$$00000032)
    .ARM.Collect$$libinit$$00000033          0x00000158   Section        2  libinit2.o(.ARM.Collect$$libinit$$00000033)
    .ARM.Collect$$libshutdown$$00000000      0x0000015a   Section        2  libshutdown.o(.ARM.Collect$$libshutdown$$00000000)
    .ARM.Collect$$libshutdown$$00000002      0x0000015c   Section        0  libshutdown2.o(.ARM.Collect$$libshutdown$$00000002)
    .ARM.Collect$$libshutdown$$00000004      0x0000015c   Section        0  libshutdown2.o(.ARM.Collect$$libshutdown$$00000004)
    .ARM.Collect$$libshutdown$$00000007      0x0000015c   Section        0  libshutdown2.o(.ARM.Collect$$libshutdown$$00000007)
    .ARM.Collect$$libshutdown$$0000000A      0x0000015c   Section        0  libshutdown2.o(.ARM.Collect$$libshutdown$$0000000A)
    .ARM.Collect$$libshutdown$$0000000C      0x0000015c   Section        0  libshutdown2.o(.ARM.Collect$$libshutdown$$0000000C)
    .ARM.Collect$$libshutdown$$0000000F      0x0000015c   Section        0  libshutdown2.o(.ARM.Collect$$libshutdown$$0000000F)
    .ARM.Collect$$libshutdown$$00000010      0x0000015c   Section        2  libshutdown2.o(.ARM.Collect$$libshutdown$$00000010)
    .ARM.Collect$$rtentry$$00000000          0x0000015e   Section        0  __rtentry.o(.ARM.Collect$$rtentry$$00000000)
    .ARM.Collect$$rtentry$$00000002          0x0000015e   Section        0  __rtentry2.o(.ARM.Collect$$rtentry$$00000002)
    .ARM.Collect$$rtentry$$00000004          0x0000015e   Section        6  __rtentry4.o(.ARM.Collect$$rtentry$$00000004)
    .ARM.Collect$$rtentry$$00000009          0x00000164   Section        0  __rtentry2.o(.ARM.Collect$$rtentry$$00000009)
    .ARM.Collect$$rtentry$$0000000A          0x00000164   Section        4  __rtentry2.o(.ARM.Collect$$rtentry$$0000000A)
    .ARM.Collect$$rtentry$$0000000C          0x00000168   Section        0  __rtentry2.o(.ARM.Collect$$rtentry$$0000000C)
    .ARM.Collect$$rtentry$$0000000D          0x00000168   Section        8  __rtentry2.o(.ARM.Collect$$rtentry$$0000000D)
    .ARM.Collect$$rtexit$$00000000           0x00000170   Section        2  rtexit.o(.ARM.Collect$$rtexit$$00000000)
    .ARM.Collect$$rtexit$$00000002           0x00000172   Section        0  rtexit2.o(.ARM.Collect$$rtexit$$00000002)
    .ARM.Collect$$rtexit$$00000003           0x00000172   Section        4  rtexit2.o(.ARM.Collect$$rtexit$$00000003)
    .ARM.Collect$$rtexit$$00000004           0x00000176   Section        6  rtexit2.o(.ARM.Collect$$rtexit$$00000004)
    .emb_text                                0x0000017c   Section       28  retarget.o(.emb_text)
    .text                                    0x00000198   Section      100  startup_nuc131.o(.text)
    Default_Handler                          0x000001c3   Thumb Code     2  startup_nuc131.o(.text)
    .text                                    0x000001fc   Section        0  noretval__2printf.o(.text)
    .text                                    0x00000218   Section        0  _printf_dec.o(.text)
    .text                                    0x00000284   Section        0  _printf_hex_int.o(.text)
    .text                                    0x000002dc   Section        0  __printf_wp.o(.text)
    .text                                    0x000003ea   Section      346  aeabi_sdiv.o(.text)
    .text                                    0x00000544   Section        0  heapauxi.o(.text)
    .text                                    0x0000054a   Section        0  _printf_intcommon.o(.text)
    .text                                    0x000005fc   Section        0  _printf_char_file.o(.text)
    .text                                    0x00000624   Section        0  rtudiv10.o(.text)
    .text                                    0x0000064c   Section        0  _printf_char_common.o(.text)
    _printf_input_char                       0x0000064d   Thumb Code    10  _printf_char_common.o(.text)
    .text                                    0x0000067c   Section       62  sys_stackheap_outer.o(.text)
    .text                                    0x000006ba   Section        0  exit.o(.text)
    .text                                    0x000006cc   Section        8  libspace.o(.text)
    .text                                    0x000006d4   Section        0  sys_exit.o(.text)
    .text                                    0x000006e0   Section        2  use_no_semi.o(.text)
    .text                                    0x000006e2   Section        0  indicate_semi.o(.text)
    i.CLK_EnableModuleClock                  0x000006e4   Section        0  clk.o(i.CLK_EnableModuleClock)
    i.CLK_EnablePLL                          0x00000720   Section        0  clk.o(i.CLK_EnablePLL)
    i.CLK_EnableXtalRC                       0x000008a4   Section        0  clk.o(i.CLK_EnableXtalRC)
    i.CLK_GetPLLClockFreq                    0x000008b4   Section        0  system_nuc131.o(i.CLK_GetPLLClockFreq)
    CLK_GetPLLClockFreq                      0x000008b5   Thumb Code   112  system_nuc131.o(i.CLK_GetPLLClockFreq)
    i.CLK_GetPLLClockFreq                    0x00000934   Section        0  clk.o(i.CLK_GetPLLClockFreq)
    CLK_GetPLLClockFreq                      0x00000935   Thumb Code   112  clk.o(i.CLK_GetPLLClockFreq)
    i.CLK_GetPLLClockFreq                    0x000009b4   Section        0  uart.o(i.CLK_GetPLLClockFreq)
    CLK_GetPLLClockFreq                      0x000009b5   Thumb Code   112  uart.o(i.CLK_GetPLLClockFreq)
    i.CLK_SetCoreClock                       0x00000a34   Section        0  clk.o(i.CLK_SetCoreClock)
    i.CLK_SetHCLK                            0x00000ad0   Section        0  clk.o(i.CLK_SetHCLK)
    i.CLK_SetModuleClock                     0x00000b3c   Section        0  clk.o(i.CLK_SetModuleClock)
    i.CLK_SysTickDelay                       0x00000bb0   Section        0  main.o(i.CLK_SysTickDelay)
    CLK_SysTickDelay                         0x00000bb1   Thumb Code    42  main.o(i.CLK_SysTickDelay)
    i.CLK_WaitClockReady                     0x00000be4   Section        0  clk.o(i.CLK_WaitClockReady)
    i.Hard_Fault_Handler                     0x00000c0c   Section        0  retarget.o(i.Hard_Fault_Handler)
    __tagsym$$used                           0x00000c0d   Number         0  retarget.o(i.Hard_Fault_Handler)
    i.SYS_Init                               0x00000c38   Section        0  main.o(i.SYS_Init)
    i.SYS_ResetModule                        0x00000c98   Section        0  sys.o(i.SYS_ResetModule)
    i.ScanKey                                0x00000cc8   Section        0  main.o(i.ScanKey)
    i.SendChar                               0x00000ea0   Section        0  retarget.o(i.SendChar)
    i.SendChar_ToUART                        0x00000eac   Section        0  retarget.o(i.SendChar_ToUART)
    i.SystemCoreClockUpdate                  0x00000ee0   Section        0  system_nuc131.o(i.SystemCoreClockUpdate)
    i.SystemInit                             0x00000f44   Section        0  system_nuc131.o(i.SystemInit)
    i.UART0_Init                             0x00000f48   Section        0  main.o(i.UART0_Init)
    i.UART_Open                              0x00000f64   Section        0  uart.o(i.UART_Open)
    i._is_digit                              0x0000101c   Section        0  __printf_wp.o(i._is_digit)
    i.configWIFI                             0x0000102c   Section        0  main.o(i.configWIFI)
    i.ferror                                 0x00001094   Section        0  retarget.o(i.ferror)
    i.fputc                                  0x0000109c   Section        0  retarget.o(i.fputc)
    i.initKeypad                             0x000010ac   Section        0  main.o(i.initKeypad)
    i.longdelay                              0x000010d4   Section        0  main.o(i.longdelay)
    i.main                                   0x000010f0   Section        0  main.o(i.main)
    i.sendkey                                0x0000113c   Section        0  main.o(i.sendkey)
    i.stackDump                              0x0000125c   Section        0  retarget.o(i.stackDump)
    stackDump                                0x0000125d   Thumb Code    70  retarget.o(i.stackDump)
    .constdata                               0x00001304   Section       48  clk.o(.constdata)
    .constdata                               0x00001334   Section       48  uart.o(.constdata)
    .constdata                               0x00001364   Section       40  _printf_hex_int.o(.constdata)
    uc_hextab                                0x00001364   Data          20  _printf_hex_int.o(.constdata)
    lc_hextab                                0x00001378   Data          20  _printf_hex_int.o(.constdata)
    .data                                    0x20000000   Section       44  system_nuc131.o(.data)
    .data                                    0x2000002c   Section        8  retarget.o(.data)
    .bss                                     0x20000034   Section       96  libspace.o(.bss)
    HEAP                                     0x20000098   Section        0  startup_nuc131.o(HEAP)
    STACK                                    0x20000098   Section     1024  startup_nuc131.o(STACK)
    Heap_Mem                                 0x20000098   Data           0  startup_nuc131.o(HEAP)
    Stack_Mem                                0x20000098   Data        1024  startup_nuc131.o(STACK)
    __initial_sp                             0x20000498   Data           0  startup_nuc131.o(STACK)

    Global Symbols

    Symbol Name                              Value     Ov Type        Size  Object(Section)

    BuildAttributes$$THM_ISAv3M$S$PE$A:L22$X:L11$S22$IEEE1$IW$USESV6$~STKCKD$USESV7$~SHL$OSPACE$ROPI$EBA8$UX$STANDARDLIB$REQ8$PRES8$EABIv2 0x00000000   Number         0  anon$$obj.o ABSOLUTE
    __ARM_use_no_argv                        0x00000000   Number         0  main.o ABSOLUTE
    __Vectors                                0x00000000   Data           4  startup_nuc131.o(RESET)
    _printf_flags                            0x00000000   Number         0  printf_stubs.o ABSOLUTE
    _printf_return_value                     0x00000000   Number         0  printf_stubs.o ABSOLUTE
    _printf_sizespec                         0x00000000   Number         0  printf_stubs.o ABSOLUTE
    _printf_widthprec                        0x00000000   Number         0  printf_stubs.o ABSOLUTE
    __ARM_exceptions_init                     - Undefined Weak Reference
    __alloca_initialize                       - Undefined Weak Reference
    __arm_preinit_                            - Undefined Weak Reference
    __cpp_initialize__aeabi_                  - Undefined Weak Reference
    __cxa_finalize                            - Undefined Weak Reference
    __rt_locale                               - Undefined Weak Reference
    __sigvec_lookup                           - Undefined Weak Reference
    _atexit_init                              - Undefined Weak Reference
    _call_atexit_fns                          - Undefined Weak Reference
    _clock_init                               - Undefined Weak Reference
    _fp_trap_init                             - Undefined Weak Reference
    _fp_trap_shutdown                         - Undefined Weak Reference
    _get_lc_collate                           - Undefined Weak Reference
    _get_lc_ctype                             - Undefined Weak Reference
    _get_lc_monetary                          - Undefined Weak Reference
    _get_lc_numeric                           - Undefined Weak Reference
    _get_lc_time                              - Undefined Weak Reference
    _getenv_init                              - Undefined Weak Reference
    _handle_redirection                       - Undefined Weak Reference
    _init_alloc                               - Undefined Weak Reference
    _init_user_alloc                          - Undefined Weak Reference
    _initio                                   - Undefined Weak Reference
    _printf_post_padding                      - Undefined Weak Reference
    _printf_pre_padding                       - Undefined Weak Reference
    _printf_truncate_signed                   - Undefined Weak Reference
    _printf_truncate_unsigned                 - Undefined Weak Reference
    _rand_init                                - Undefined Weak Reference
    _signal_finish                            - Undefined Weak Reference
    _signal_init                              - Undefined Weak Reference
    _terminate_alloc                          - Undefined Weak Reference
    _terminate_user_alloc                     - Undefined Weak Reference
    _terminateio                              - Undefined Weak Reference
    __main                                   0x000000c1   Thumb Code     8  __main.o(!!!main)
    __scatterload                            0x000000c9   Thumb Code     0  __scatter.o(!!!scatter)
    __scatterload_rt2                        0x000000c9   Thumb Code    52  __scatter.o(!!!scatter)
    __scatterload_rt2_thumb_only             0x000000c9   Thumb Code     0  __scatter.o(!!!scatter)
    __scatterload_null                       0x000000d9   Thumb Code     0  __scatter.o(!!!scatter)
    __scatterload_copy                       0x00000105   Thumb Code    26  __scatter_copy.o(!!handler_copy)
    __scatterload_zeroinit                   0x00000121   Thumb Code    28  __scatter_zi.o(!!handler_zi)
    _printf_percent                          0x0000013d   Thumb Code     0  _printf_percent.o(.ARM.Collect$$_printf_percent$$00000000)
    _printf_d                                0x0000013f   Thumb Code     0  _printf_d.o(.ARM.Collect$$_printf_percent$$00000009)
    _printf_x                                0x00000149   Thumb Code     0  _printf_x.o(.ARM.Collect$$_printf_percent$$0000000C)
    _printf_percent_end                      0x00000153   Thumb Code     0  _printf_percent_end.o(.ARM.Collect$$_printf_percent$$00000017)
    __rt_lib_init                            0x00000157   Thumb Code     0  libinit.o(.ARM.Collect$$libinit$$00000000)
    __rt_lib_init_alloca_1                   0x00000159   Thumb Code     0  libinit2.o(.ARM.Collect$$libinit$$0000002E)
    __rt_lib_init_argv_1                     0x00000159   Thumb Code     0  libinit2.o(.ARM.Collect$$libinit$$0000002C)
    __rt_lib_init_atexit_1                   0x00000159   Thumb Code     0  libinit2.o(.ARM.Collect$$libinit$$0000001B)
    __rt_lib_init_clock_1                    0x00000159   Thumb Code     0  libinit2.o(.ARM.Collect$$libinit$$00000021)
    __rt_lib_init_cpp_1                      0x00000159   Thumb Code     0  libinit2.o(.ARM.Collect$$libinit$$00000032)
    __rt_lib_init_exceptions_1               0x00000159   Thumb Code     0  libinit2.o(.ARM.Collect$$libinit$$00000030)
    __rt_lib_init_fp_1                       0x00000159   Thumb Code     0  libinit2.o(.ARM.Collect$$libinit$$00000002)
    __rt_lib_init_fp_trap_1                  0x00000159   Thumb Code     0  libinit2.o(.ARM.Collect$$libinit$$0000001F)
    __rt_lib_init_getenv_1                   0x00000159   Thumb Code     0  libinit2.o(.ARM.Collect$$libinit$$00000023)
    __rt_lib_init_heap_1                     0x00000159   Thumb Code     0  libinit2.o(.ARM.Collect$$libinit$$0000000A)
    __rt_lib_init_lc_collate_1               0x00000159   Thumb Code     0  libinit2.o(.ARM.Collect$$libinit$$00000011)
    __rt_lib_init_lc_ctype_1                 0x00000159   Thumb Code     0  libinit2.o(.ARM.Collect$$libinit$$00000013)
    __rt_lib_init_lc_monetary_1              0x00000159   Thumb Code     0  libinit2.o(.ARM.Collect$$libinit$$00000015)
    __rt_lib_init_lc_numeric_1               0x00000159   Thumb Code     0  libinit2.o(.ARM.Collect$$libinit$$00000017)
    __rt_lib_init_lc_time_1                  0x00000159   Thumb Code     0  libinit2.o(.ARM.Collect$$libinit$$00000019)
    __rt_lib_init_preinit_1                  0x00000159   Thumb Code     0  libinit2.o(.ARM.Collect$$libinit$$00000004)
    __rt_lib_init_rand_1                     0x00000159   Thumb Code     0  libinit2.o(.ARM.Collect$$libinit$$0000000E)
    __rt_lib_init_return                     0x00000159   Thumb Code     0  libinit2.o(.ARM.Collect$$libinit$$00000033)
    __rt_lib_init_signal_1                   0x00000159   Thumb Code     0  libinit2.o(.ARM.Collect$$libinit$$0000001D)
    __rt_lib_init_stdio_1                    0x00000159   Thumb Code     0  libinit2.o(.ARM.Collect$$libinit$$00000025)
    __rt_lib_init_user_alloc_1               0x00000159   Thumb Code     0  libinit2.o(.ARM.Collect$$libinit$$0000000C)
    __rt_lib_shutdown                        0x0000015b   Thumb Code     0  libshutdown.o(.ARM.Collect$$libshutdown$$00000000)
    __rt_lib_shutdown_cpp_1                  0x0000015d   Thumb Code     0  libshutdown2.o(.ARM.Collect$$libshutdown$$00000002)
    __rt_lib_shutdown_fp_trap_1              0x0000015d   Thumb Code     0  libshutdown2.o(.ARM.Collect$$libshutdown$$00000007)
    __rt_lib_shutdown_heap_1                 0x0000015d   Thumb Code     0  libshutdown2.o(.ARM.Collect$$libshutdown$$0000000F)
    __rt_lib_shutdown_return                 0x0000015d   Thumb Code     0  libshutdown2.o(.ARM.Collect$$libshutdown$$00000010)
    __rt_lib_shutdown_signal_1               0x0000015d   Thumb Code     0  libshutdown2.o(.ARM.Collect$$libshutdown$$0000000A)
    __rt_lib_shutdown_stdio_1                0x0000015d   Thumb Code     0  libshutdown2.o(.ARM.Collect$$libshutdown$$00000004)
    __rt_lib_shutdown_user_alloc_1           0x0000015d   Thumb Code     0  libshutdown2.o(.ARM.Collect$$libshutdown$$0000000C)
    __rt_entry                               0x0000015f   Thumb Code     0  __rtentry.o(.ARM.Collect$$rtentry$$00000000)
    __rt_entry_presh_1                       0x0000015f   Thumb Code     0  __rtentry2.o(.ARM.Collect$$rtentry$$00000002)
    __rt_entry_sh                            0x0000015f   Thumb Code     0  __rtentry4.o(.ARM.Collect$$rtentry$$00000004)
    __rt_entry_li                            0x00000165   Thumb Code     0  __rtentry2.o(.ARM.Collect$$rtentry$$0000000A)
    __rt_entry_postsh_1                      0x00000165   Thumb Code     0  __rtentry2.o(.ARM.Collect$$rtentry$$00000009)
    __rt_entry_main                          0x00000169   Thumb Code     0  __rtentry2.o(.ARM.Collect$$rtentry$$0000000D)
    __rt_entry_postli_1                      0x00000169   Thumb Code     0  __rtentry2.o(.ARM.Collect$$rtentry$$0000000C)
    __rt_exit                                0x00000171   Thumb Code     0  rtexit.o(.ARM.Collect$$rtexit$$00000000)
    __rt_exit_ls                             0x00000173   Thumb Code     0  rtexit2.o(.ARM.Collect$$rtexit$$00000003)
    __rt_exit_prels_1                        0x00000173   Thumb Code     0  rtexit2.o(.ARM.Collect$$rtexit$$00000002)
    __rt_exit_exit                           0x00000177   Thumb Code     0  rtexit2.o(.ARM.Collect$$rtexit$$00000004)
    HardFault_Handler                        0x0000017d   Thumb Code    24  retarget.o(.emb_text)
    Reset_Handler                            0x00000199   Thumb Code    32  startup_nuc131.o(.text)
    NMI_Handler                              0x000001b9   Thumb Code     2  startup_nuc131.o(.text)
    SVC_Handler                              0x000001bd   Thumb Code     2  startup_nuc131.o(.text)
    PendSV_Handler                           0x000001bf   Thumb Code     2  startup_nuc131.o(.text)
    SysTick_Handler                          0x000001c1   Thumb Code     2  startup_nuc131.o(.text)
    ADC_IRQHandler                           0x000001c3   Thumb Code     0  startup_nuc131.o(.text)
    BOD_IRQHandler                           0x000001c3   Thumb Code     0  startup_nuc131.o(.text)
    BPWM0_IRQHandler                         0x000001c3   Thumb Code     0  startup_nuc131.o(.text)
    BPWM1_IRQHandler                         0x000001c3   Thumb Code     0  startup_nuc131.o(.text)
    BRAKE0_IRQHandler                        0x000001c3   Thumb Code     0  startup_nuc131.o(.text)
    BRAKE1_IRQHandler                        0x000001c3   Thumb Code     0  startup_nuc131.o(.text)
    CAN0_IRQHandler                          0x000001c3   Thumb Code     0  startup_nuc131.o(.text)
    CAN1_IRQHandler                          0x000001c3   Thumb Code     0  startup_nuc131.o(.text)
    CKD_IRQHandler                           0x000001c3   Thumb Code     0  startup_nuc131.o(.text)
    EINT0_IRQHandler                         0x000001c3   Thumb Code     0  startup_nuc131.o(.text)
    EINT1_IRQHandler                         0x000001c3   Thumb Code     0  startup_nuc131.o(.text)
    GPAB_IRQHandler                          0x000001c3   Thumb Code     0  startup_nuc131.o(.text)
    GPCDEF_IRQHandler                        0x000001c3   Thumb Code     0  startup_nuc131.o(.text)
    I2C0_IRQHandler                          0x000001c3   Thumb Code     0  startup_nuc131.o(.text)
    I2C1_IRQHandler                          0x000001c3   Thumb Code     0  startup_nuc131.o(.text)
    PWM0_IRQHandler                          0x000001c3   Thumb Code     0  startup_nuc131.o(.text)
    PWM1_IRQHandler                          0x000001c3   Thumb Code     0  startup_nuc131.o(.text)
    PWRWU_IRQHandler                         0x000001c3   Thumb Code     0  startup_nuc131.o(.text)
    RTC_IRQHandler                           0x000001c3   Thumb Code     0  startup_nuc131.o(.text)
    SPI0_IRQHandler                          0x000001c3   Thumb Code     0  startup_nuc131.o(.text)
    TMR0_IRQHandler                          0x000001c3   Thumb Code     0  startup_nuc131.o(.text)
    TMR1_IRQHandler                          0x000001c3   Thumb Code     0  startup_nuc131.o(.text)
    TMR2_IRQHandler                          0x000001c3   Thumb Code     0  startup_nuc131.o(.text)
    TMR3_IRQHandler                          0x000001c3   Thumb Code     0  startup_nuc131.o(.text)
    UART02_IRQHandler                        0x000001c3   Thumb Code     0  startup_nuc131.o(.text)
    UART1_IRQHandler                         0x000001c3   Thumb Code     0  startup_nuc131.o(.text)
    UART3_IRQHandler                         0x000001c3   Thumb Code     0  startup_nuc131.o(.text)
    UART4_IRQHandler                         0x000001c3   Thumb Code     0  startup_nuc131.o(.text)
    UART5_IRQHandler                         0x000001c3   Thumb Code     0  startup_nuc131.o(.text)
    WDT_IRQHandler                           0x000001c3   Thumb Code     0  startup_nuc131.o(.text)
    __user_initial_stackheap                 0x000001c5   Thumb Code     0  startup_nuc131.o(.text)
    __2printf                                0x000001fd   Thumb Code    22  noretval__2printf.o(.text)
    _printf_int_dec                          0x00000219   Thumb Code    90  _printf_dec.o(.text)
    _printf_int_hex                          0x00000285   Thumb Code    84  _printf_hex_int.o(.text)
    _printf_longlong_hex                     0x00000285   Thumb Code     0  _printf_hex_int.o(.text)
    __printf                                 0x000002dd   Thumb Code   270  __printf_wp.o(.text)
    __aeabi_uidiv                            0x000003eb   Thumb Code     0  aeabi_sdiv.o(.text)
    __aeabi_uidivmod                         0x000003eb   Thumb Code    20  aeabi_sdiv.o(.text)
    __aeabi_idiv                             0x000003ff   Thumb Code     0  aeabi_sdiv.o(.text)
    __aeabi_idivmod                          0x000003ff   Thumb Code   326  aeabi_sdiv.o(.text)
    __use_two_region_memory                  0x00000545   Thumb Code     2  heapauxi.o(.text)
    __rt_heap_escrow$2region                 0x00000547   Thumb Code     2  heapauxi.o(.text)
    __rt_heap_expand$2region                 0x00000549   Thumb Code     2  heapauxi.o(.text)
    _printf_int_common                       0x0000054b   Thumb Code   176  _printf_intcommon.o(.text)
    _printf_char_file                        0x000005fd   Thumb Code    34  _printf_char_file.o(.text)
    __rt_udiv10                              0x00000625   Thumb Code    40  rtudiv10.o(.text)
    _printf_char_common                      0x00000657   Thumb Code    32  _printf_char_common.o(.text)
    __user_setup_stackheap                   0x0000067d   Thumb Code    62  sys_stackheap_outer.o(.text)
    exit                                     0x000006bb   Thumb Code    16  exit.o(.text)
    __user_libspace                          0x000006cd   Thumb Code     8  libspace.o(.text)
    __user_perproc_libspace                  0x000006cd   Thumb Code     0  libspace.o(.text)
    __user_perthread_libspace                0x000006cd   Thumb Code     0  libspace.o(.text)
    _sys_exit                                0x000006d5   Thumb Code     8  sys_exit.o(.text)
    __I$use$semihosting                      0x000006e1   Thumb Code     0  use_no_semi.o(.text)
    __use_no_semihosting_swi                 0x000006e1   Thumb Code     2  use_no_semi.o(.text)
    __semihosting_library_function           0x000006e3   Thumb Code     0  indicate_semi.o(.text)
    CLK_EnableModuleClock                    0x000006e5   Thumb Code    52  clk.o(i.CLK_EnableModuleClock)
    CLK_EnablePLL                            0x00000721   Thumb Code   342  clk.o(i.CLK_EnablePLL)
    CLK_EnableXtalRC                         0x000008a5   Thumb Code    12  clk.o(i.CLK_EnableXtalRC)
    CLK_SetCoreClock                         0x00000a35   Thumb Code   144  clk.o(i.CLK_SetCoreClock)
    CLK_SetHCLK                              0x00000ad1   Thumb Code   102  clk.o(i.CLK_SetHCLK)
    CLK_SetModuleClock                       0x00000b3d   Thumb Code   108  clk.o(i.CLK_SetModuleClock)
    CLK_WaitClockReady                       0x00000be5   Thumb Code    32  clk.o(i.CLK_WaitClockReady)
    Hard_Fault_Handler                       0x00000c0d   Thumb Code    18  retarget.o(i.Hard_Fault_Handler)
    SYS_Init                                 0x00000c39   Thumb Code    88  main.o(i.SYS_Init)
    SYS_ResetModule                          0x00000c99   Thumb Code    48  sys.o(i.SYS_ResetModule)
    ScanKey                                  0x00000cc9   Thumb Code   462  main.o(i.ScanKey)
    SendChar                                 0x00000ea1   Thumb Code    12  retarget.o(i.SendChar)
    SendChar_ToUART                          0x00000ead   Thumb Code    48  retarget.o(i.SendChar_ToUART)
    SystemCoreClockUpdate                    0x00000ee1   Thumb Code    76  system_nuc131.o(i.SystemCoreClockUpdate)
    SystemInit                               0x00000f45   Thumb Code     2  system_nuc131.o(i.SystemInit)
    UART0_Init                               0x00000f49   Thumb Code    20  main.o(i.UART0_Init)
    UART_Open                                0x00000f65   Thumb Code   166  uart.o(i.UART_Open)
    _is_digit                                0x0000101d   Thumb Code    14  __printf_wp.o(i._is_digit)
    configWIFI                               0x0000102d   Thumb Code    30  main.o(i.configWIFI)
    ferror                                   0x00001095   Thumb Code     8  retarget.o(i.ferror)
    fputc                                    0x0000109d   Thumb Code    16  retarget.o(i.fputc)
    initKeypad                               0x000010ad   Thumb Code    32  main.o(i.initKeypad)
    longdelay                                0x000010d5   Thumb Code    22  main.o(i.longdelay)
    main                                     0x000010f1   Thumb Code    70  main.o(i.main)
    sendkey                                  0x0000113d   Thumb Code   114  main.o(i.sendkey)
    Region$$Table$$Base                      0x0000138c   Number         0  anon$$obj.o(Region$$Table)
    Region$$Table$$Limit                     0x000013ac   Number         0  anon$$obj.o(Region$$Table)
    SystemCoreClock                          0x20000000   Data           4  system_nuc131.o(.data)
    CyclesPerUs                              0x20000004   Data           4  system_nuc131.o(.data)
    PllClock                                 0x20000008   Data           4  system_nuc131.o(.data)
    gau32ClkSrcTbl                           0x2000000c   Data          32  system_nuc131.o(.data)
    __stdout                                 0x2000002c   Data           4  retarget.o(.data)
    __stdin                                  0x20000030   Data           4  retarget.o(.data)
    __libspace_start                         0x20000034   Data          96  libspace.o(.bss)
    __temporary_stack_top$libspace           0x20000094   Data           0  libspace.o(.bss)



==============================================================================

Memory Map of the image

  Image Entry point : 0x00000199

  Load Region LR_1 (Base: 0x00000000, Size: 0x000013e0, Max: 0xffffffff, ABSOLUTE)

    Execution Region ER_RO (Exec base: 0x00000000, Load base: 0x00000000, Size: 0x000013ac, Max: 0xffffffff, ABSOLUTE)

    Exec Addr    Load Addr    Size         Type   Attr      Idx    E Section Name        Object

    0x00000000   0x00000000   0x000000c0   Data   RO            3    RESET               startup_nuc131.o
    0x000000c0   0x000000c0   0x00000008   Code   RO          695  * !!!main             c_p.l(__main.o)
    0x000000c8   0x000000c8   0x0000003c   Code   RO          873    !!!scatter          c_p.l(__scatter.o)
    0x00000104   0x00000104   0x0000001a   Code   RO          875    !!handler_copy      c_p.l(__scatter_copy.o)
    0x0000011e   0x0000011e   0x00000002   PAD
    0x00000120   0x00000120   0x0000001c   Code   RO          877    !!handler_zi        c_p.l(__scatter_zi.o)
    0x0000013c   0x0000013c   0x00000002   Code   RO          688    .ARM.Collect$$_printf_percent$$00000000  c_p.l(_printf_percent.o)
    0x0000013e   0x0000013e   0x0000000a   Code   RO          687    .ARM.Collect$$_printf_percent$$00000009  c_p.l(_printf_d.o)
    0x00000148   0x00000148   0x0000000a   Code   RO          686    .ARM.Collect$$_printf_percent$$0000000C  c_p.l(_printf_x.o)
    0x00000152   0x00000152   0x00000004   Code   RO          706    .ARM.Collect$$_printf_percent$$00000017  c_p.l(_printf_percent_end.o)
    0x00000156   0x00000156   0x00000002   Code   RO          744    .ARM.Collect$$libinit$$00000000  c_p.l(libinit.o)
    0x00000158   0x00000158   0x00000000   Code   RO          758    .ARM.Collect$$libinit$$00000002  c_p.l(libinit2.o)
    0x00000158   0x00000158   0x00000000   Code   RO          760    .ARM.Collect$$libinit$$00000004  c_p.l(libinit2.o)
    0x00000158   0x00000158   0x00000000   Code   RO          763    .ARM.Collect$$libinit$$0000000A  c_p.l(libinit2.o)
    0x00000158   0x00000158   0x00000000   Code   RO          765    .ARM.Collect$$libinit$$0000000C  c_p.l(libinit2.o)
    0x00000158   0x00000158   0x00000000   Code   RO          767    .ARM.Collect$$libinit$$0000000E  c_p.l(libinit2.o)
    0x00000158   0x00000158   0x00000000   Code   RO          770    .ARM.Collect$$libinit$$00000011  c_p.l(libinit2.o)
    0x00000158   0x00000158   0x00000000   Code   RO          772    .ARM.Collect$$libinit$$00000013  c_p.l(libinit2.o)
    0x00000158   0x00000158   0x00000000   Code   RO          774    .ARM.Collect$$libinit$$00000015  c_p.l(libinit2.o)
    0x00000158   0x00000158   0x00000000   Code   RO          776    .ARM.Collect$$libinit$$00000017  c_p.l(libinit2.o)
    0x00000158   0x00000158   0x00000000   Code   RO          778    .ARM.Collect$$libinit$$00000019  c_p.l(libinit2.o)
    0x00000158   0x00000158   0x00000000   Code   RO          780    .ARM.Collect$$libinit$$0000001B  c_p.l(libinit2.o)
    0x00000158   0x00000158   0x00000000   Code   RO          782    .ARM.Collect$$libinit$$0000001D  c_p.l(libinit2.o)
    0x00000158   0x00000158   0x00000000   Code   RO          784    .ARM.Collect$$libinit$$0000001F  c_p.l(libinit2.o)
    0x00000158   0x00000158   0x00000000   Code   RO          786    .ARM.Collect$$libinit$$00000021  c_p.l(libinit2.o)
    0x00000158   0x00000158   0x00000000   Code   RO          788    .ARM.Collect$$libinit$$00000023  c_p.l(libinit2.o)
    0x00000158   0x00000158   0x00000000   Code   RO          790    .ARM.Collect$$libinit$$00000025  c_p.l(libinit2.o)
    0x00000158   0x00000158   0x00000000   Code   RO          794    .ARM.Collect$$libinit$$0000002C  c_p.l(libinit2.o)
    0x00000158   0x00000158   0x00000000   Code   RO          796    .ARM.Collect$$libinit$$0000002E  c_p.l(libinit2.o)
    0x00000158   0x00000158   0x00000000   Code   RO          798    .ARM.Collect$$libinit$$00000030  c_p.l(libinit2.o)
    0x00000158   0x00000158   0x00000000   Code   RO          800    .ARM.Collect$$libinit$$00000032  c_p.l(libinit2.o)
    0x00000158   0x00000158   0x00000002   Code   RO          801    .ARM.Collect$$libinit$$00000033  c_p.l(libinit2.o)
    0x0000015a   0x0000015a   0x00000002   Code   RO          830    .ARM.Collect$$libshutdown$$00000000  c_p.l(libshutdown.o)
    0x0000015c   0x0000015c   0x00000000   Code   RO          856    .ARM.Collect$$libshutdown$$00000002  c_p.l(libshutdown2.o)
    0x0000015c   0x0000015c   0x00000000   Code   RO          858    .ARM.Collect$$libshutdown$$00000004  c_p.l(libshutdown2.o)
    0x0000015c   0x0000015c   0x00000000   Code   RO          861    .ARM.Collect$$libshutdown$$00000007  c_p.l(libshutdown2.o)
    0x0000015c   0x0000015c   0x00000000   Code   RO          864    .ARM.Collect$$libshutdown$$0000000A  c_p.l(libshutdown2.o)
    0x0000015c   0x0000015c   0x00000000   Code   RO          866    .ARM.Collect$$libshutdown$$0000000C  c_p.l(libshutdown2.o)
    0x0000015c   0x0000015c   0x00000000   Code   RO          869    .ARM.Collect$$libshutdown$$0000000F  c_p.l(libshutdown2.o)
    0x0000015c   0x0000015c   0x00000002   Code   RO          870    .ARM.Collect$$libshutdown$$00000010  c_p.l(libshutdown2.o)
    0x0000015e   0x0000015e   0x00000000   Code   RO          697    .ARM.Collect$$rtentry$$00000000  c_p.l(__rtentry.o)
    0x0000015e   0x0000015e   0x00000000   Code   RO          710    .ARM.Collect$$rtentry$$00000002  c_p.l(__rtentry2.o)
    0x0000015e   0x0000015e   0x00000006   Code   RO          722    .ARM.Collect$$rtentry$$00000004  c_p.l(__rtentry4.o)
    0x00000164   0x00000164   0x00000000   Code   RO          712    .ARM.Collect$$rtentry$$00000009  c_p.l(__rtentry2.o)
    0x00000164   0x00000164   0x00000004   Code   RO          713    .ARM.Collect$$rtentry$$0000000A  c_p.l(__rtentry2.o)
    0x00000168   0x00000168   0x00000000   Code   RO          715    .ARM.Collect$$rtentry$$0000000C  c_p.l(__rtentry2.o)
    0x00000168   0x00000168   0x00000008   Code   RO          716    .ARM.Collect$$rtentry$$0000000D  c_p.l(__rtentry2.o)
    0x00000170   0x00000170   0x00000002   Code   RO          749    .ARM.Collect$$rtexit$$00000000  c_p.l(rtexit.o)
    0x00000172   0x00000172   0x00000000   Code   RO          805    .ARM.Collect$$rtexit$$00000002  c_p.l(rtexit2.o)
    0x00000172   0x00000172   0x00000004   Code   RO          806    .ARM.Collect$$rtexit$$00000003  c_p.l(rtexit2.o)
    0x00000176   0x00000176   0x00000006   Code   RO          807    .ARM.Collect$$rtexit$$00000004  c_p.l(rtexit2.o)
    0x0000017c   0x0000017c   0x0000001c   Code   RO          257    .emb_text           retarget.o
    0x00000198   0x00000198   0x00000064   Code   RO            4  * .text               startup_nuc131.o
    0x000001fc   0x000001fc   0x0000001c   Code   RO          639    .text               c_p.l(noretval__2printf.o)
    0x00000218   0x00000218   0x0000006c   Code   RO          643    .text               c_p.l(_printf_dec.o)
    0x00000284   0x00000284   0x00000058   Code   RO          648    .text               c_p.l(_printf_hex_int.o)
    0x000002dc   0x000002dc   0x0000010e   Code   RO          674    .text               c_p.l(__printf_wp.o)
    0x000003ea   0x000003ea   0x0000015a   Code   RO          689    .text               c_p.l(aeabi_sdiv.o)
    0x00000544   0x00000544   0x00000006   Code   RO          693    .text               c_p.l(heapauxi.o)
    0x0000054a   0x0000054a   0x000000b0   Code   RO          702    .text               c_p.l(_printf_intcommon.o)
    0x000005fa   0x000005fa   0x00000002   PAD
    0x000005fc   0x000005fc   0x00000028   Code   RO          704    .text               c_p.l(_printf_char_file.o)
    0x00000624   0x00000624   0x00000028   Code   RO          707    .text               c_p.l(rtudiv10.o)
    0x0000064c   0x0000064c   0x00000030   Code   RO          726    .text               c_p.l(_printf_char_common.o)
    0x0000067c   0x0000067c   0x0000003e   Code   RO          728    .text               c_p.l(sys_stackheap_outer.o)
    0x000006ba   0x000006ba   0x00000010   Code   RO          733    .text               c_p.l(exit.o)
    0x000006ca   0x000006ca   0x00000002   PAD
    0x000006cc   0x000006cc   0x00000008   Code   RO          745    .text               c_p.l(libspace.o)
    0x000006d4   0x000006d4   0x0000000c   Code   RO          802    .text               c_p.l(sys_exit.o)
    0x000006e0   0x000006e0   0x00000002   Code   RO          819    .text               c_p.l(use_no_semi.o)
    0x000006e2   0x000006e2   0x00000000   Code   RO          821    .text               c_p.l(indicate_semi.o)
    0x000006e2   0x000006e2   0x00000002   PAD
    0x000006e4   0x000006e4   0x0000003c   Code   RO          113    i.CLK_EnableModuleClock  clk.o
    0x00000720   0x00000720   0x00000184   Code   RO          114    i.CLK_EnablePLL     clk.o
    0x000008a4   0x000008a4   0x00000010   Code   RO          116    i.CLK_EnableXtalRC  clk.o
    0x000008b4   0x000008b4   0x00000080   Code   RO           12    i.CLK_GetPLLClockFreq  system_nuc131.o
    0x00000934   0x00000934   0x00000080   Code   RO          121    i.CLK_GetPLLClockFreq  clk.o
    0x000009b4   0x000009b4   0x00000080   Code   RO          436    i.CLK_GetPLLClockFreq  uart.o
    0x00000a34   0x00000a34   0x0000009c   Code   RO          124    i.CLK_SetCoreClock  clk.o
    0x00000ad0   0x00000ad0   0x0000006c   Code   RO          125    i.CLK_SetHCLK       clk.o
    0x00000b3c   0x00000b3c   0x00000074   Code   RO          126    i.CLK_SetModuleClock  clk.o
    0x00000bb0   0x00000bb0   0x00000034   Code   RO          560    i.CLK_SysTickDelay  main.o
    0x00000be4   0x00000be4   0x00000028   Code   RO          128    i.CLK_WaitClockReady  clk.o
    0x00000c0c   0x00000c0c   0x0000002c   Code   RO          259    i.Hard_Fault_Handler  retarget.o
    0x00000c38   0x00000c38   0x00000060   Code   RO          561    i.SYS_Init          main.o
    0x00000c98   0x00000c98   0x00000030   Code   RO          371    i.SYS_ResetModule   sys.o
    0x00000cc8   0x00000cc8   0x000001d8   Code   RO          562    i.ScanKey           main.o
    0x00000ea0   0x00000ea0   0x0000000c   Code   RO          261    i.SendChar          retarget.o
    0x00000eac   0x00000eac   0x00000034   Code   RO          262    i.SendChar_ToUART   retarget.o
    0x00000ee0   0x00000ee0   0x00000064   Code   RO           13    i.SystemCoreClockUpdate  system_nuc131.o
    0x00000f44   0x00000f44   0x00000002   Code   RO           14    i.SystemInit        system_nuc131.o
    0x00000f46   0x00000f46   0x00000002   PAD
    0x00000f48   0x00000f48   0x0000001c   Code   RO          563    i.UART0_Init        main.o
    0x00000f64   0x00000f64   0x000000b8   Code   RO          445    i.UART_Open         uart.o
    0x0000101c   0x0000101c   0x0000000e   Code   RO          676    i._is_digit         c_p.l(__printf_wp.o)
    0x0000102a   0x0000102a   0x00000002   PAD
    0x0000102c   0x0000102c   0x00000068   Code   RO          564    i.configWIFI        main.o
    0x00001094   0x00001094   0x00000008   Code   RO          264    i.ferror            retarget.o
    0x0000109c   0x0000109c   0x00000010   Code   RO          266    i.fputc             retarget.o
    0x000010ac   0x000010ac   0x00000028   Code   RO          565    i.initKeypad        main.o
    0x000010d4   0x000010d4   0x0000001c   Code   RO          566    i.longdelay         main.o
    0x000010f0   0x000010f0   0x0000004c   Code   RO          567    i.main              main.o
    0x0000113c   0x0000113c   0x00000120   Code   RO          568    i.sendkey           main.o
    0x0000125c   0x0000125c   0x000000a8   Code   RO          268    i.stackDump         retarget.o
    0x00001304   0x00001304   0x00000030   Data   RO          129    .constdata          clk.o
    0x00001334   0x00001334   0x00000030   Data   RO          453    .constdata          uart.o
    0x00001364   0x00001364   0x00000028   Data   RO          649    .constdata          c_p.l(_printf_hex_int.o)
    0x0000138c   0x0000138c   0x00000020   Data   RO          871    Region$$Table       anon$$obj.o


    Execution Region ER_RW (Exec base: 0x20000000, Load base: 0x000013ac, Size: 0x00000034, Max: 0xffffffff, ABSOLUTE)

    Exec Addr    Load Addr    Size         Type   Attr      Idx    E Section Name        Object

    0x20000000   0x000013ac   0x0000002c   Data   RW           15    .data               system_nuc131.o
    0x2000002c   0x000013d8   0x00000008   Data   RW          269    .data               retarget.o


    Execution Region ER_ZI (Exec base: 0x20000034, Load base: 0x000013e0, Size: 0x00000464, Max: 0xffffffff, ABSOLUTE)

    Exec Addr    Load Addr    Size         Type   Attr      Idx    E Section Name        Object

    0x20000034        -       0x00000060   Zero   RW          746    .bss                c_p.l(libspace.o)
    0x20000094   0x000013e0   0x00000004   PAD
    0x20000098        -       0x00000000   Zero   RW            2    HEAP                startup_nuc131.o
    0x20000098        -       0x00000400   Zero   RW            1    STACK               startup_nuc131.o


==============================================================================

Image component sizes


      Code (inc. data)   RO Data    RW Data    ZI Data      Debug   Object Name

      1012        108         48          0          0       5690   clk.o
      1184        304          0          0          0      50021   main.o
       328        132          0          8          0     117301   retarget.o
       100         46        192          0       1024        668   startup_nuc131.o
        48          0          0          0          0        466   sys.o
       230         40          0         44          0      18495   system_nuc131.o
       312         34         48          0          0       2136   uart.o

    ----------------------------------------------------------------------
      3216        664        320         52       1024     194777   Object Totals
         0          0         32          0          0          0   (incl. Generated)
         2          0          0          0          0          0   (incl. Padding)

    ----------------------------------------------------------------------

      Code (inc. data)   RO Data    RW Data    ZI Data      Debug   Library Member Name

         8          0          0          0          0         68   __main.o
       284          0          0          0          0        136   __printf_wp.o
         0          0          0          0          0          0   __rtentry.o
        12          0          0          0          0          0   __rtentry2.o
         6          0          0          0          0          0   __rtentry4.o
        60          8          0          0          0          0   __scatter.o
        26          0          0          0          0          0   __scatter_copy.o
        28          0          0          0          0          0   __scatter_zi.o
        48          6          0          0          0         88   _printf_char_common.o
        40          6          0          0          0         72   _printf_char_file.o
        10          0          0          0          0          0   _printf_d.o
       108         18          0          0          0         76   _printf_dec.o
        88          4         40          0          0         72   _printf_hex_int.o
       176          0          0          0          0         84   _printf_intcommon.o
         2          0          0          0          0          0   _printf_percent.o
         4          0          0          0          0          0   _printf_percent_end.o
        10          0          0          0          0          0   _printf_x.o
       346          0          0          0          0         92   aeabi_sdiv.o
        16          0          0          0          0         68   exit.o
         6          0          0          0          0        136   heapauxi.o
         0          0          0          0          0          0   indicate_semi.o
         2          0          0          0          0          0   libinit.o
         2          0          0          0          0          0   libinit2.o
         2          0          0          0          0          0   libshutdown.o
         2          0          0          0          0          0   libshutdown2.o
         8          4          0          0         96         68   libspace.o
        28          6          0          0          0         84   noretval__2printf.o
         2          0          0          0          0          0   rtexit.o
        10          0          0          0          0          0   rtexit2.o
        40          0          0          0          0         60   rtudiv10.o
        12          4          0          0          0         60   sys_exit.o
        62          0          0          0          0         80   sys_stackheap_outer.o
         2          0          0          0          0         68   use_no_semi.o

    ----------------------------------------------------------------------
      1460         56         40          0        100       1312   Library Totals
        10          0          0          0          4          0   (incl. Padding)

    ----------------------------------------------------------------------

      Code (inc. data)   RO Data    RW Data    ZI Data      Debug   Library Name

      1450         56         40          0         96       1312   c_p.l

    ----------------------------------------------------------------------
      1460         56         40          0        100       1312   Library Totals

    ----------------------------------------------------------------------

==============================================================================


      Code (inc. data)   RO Data    RW Data    ZI Data      Debug   

      4676        720        360         52       1124     194353   Grand Totals
      4676        720        360         52       1124     194353   ELF Image Totals
      4676        720        360         52          0          0   ROM Totals

==============================================================================

    Total RO  Size (Code + RO Data)                 5036 (   4.92kB)
    Total RW  Size (RW Data + ZI Data)              1176 (   1.15kB)
    Total ROM Size (Code + RO Data + RW Data)       5088 (   4.97kB)

==============================================================================

